Microchip MPLAB XC8 Compiler V2.10 ()

Linker command line:

--edf=C:\Program Files (x86)\Microchip\xc8\v2.10\pic\dat\en_msgs.txt -cs \
  -h+dist/default/production\NES2USB.X.production.sym \
  --cmf=dist/default/production\NES2USB.X.production.cmf -z -Q16F1455 \
  -oC:\Users\qojmo2\AppData\Local\Temp\snnk.2 --defsym=__MPLAB_BUILD=1 \
  -Mdist/default/production/NES2USB.X.production.map -E1 -ver=XC8 \
  --acfsm=1493 -ASTACK=02045h-023EFh -pstack=STACK -ACODE=00h-07FFhx4 \
  -ASTRCODE=00h-01FFFh -ASTRING=00h-0FFhx32 -ACONST=00h-0FFhx32 \
  -AENTRY=00h-0FFhx32 -ACOMMON=070h-07Fh -ABANK0=020h-06Fh \
  -ABANK1=0A0h-0EFh -ABANK2=0120h-016Fh -ABANK3=01A0h-01EFh \
  -ABANK4=0220h-026Fh -ABANK5=02A0h-02EFh -ABANK6=0320h-036Fh \
  -ABANK7=03A0h-03EFh -ABANK8=0420h-046Fh -ABANK9=04A0h-04EFh \
  -ABANK10=0520h-056Fh -ABANK11=05A0h-05EFh -ABANK12=0620h-064Fh \
  -ABIGRAM=02000h-023EFh \
  -ARAM=020h-06Fh,0A0h-0EFh,0120h-016Fh,01A0h-01EFh,0220h-026Fh,02A0h-02EFh,0320h-036Fh,03A0h-03EFh,0420h-046Fh,04A0h-04EFh,0520h-056Fh,05A0h-05EFh,0620h-064Fh \
  -AABS1=020h-07Fh,0A0h-0EFh,0120h-016Fh,01A0h-01EFh,0220h-026Fh,02A0h-02EFh,0320h-036Fh,03A0h-03EFh,0420h-046Fh,04A0h-04EFh,0520h-056Fh,05A0h-05EFh,0620h-064Fh \
  -ASFR0=00h-01Fh -ASFR1=080h-09Fh -ASFR2=0100h-011Fh -ASFR3=0180h-019Fh \
  -ASFR4=0200h-021Fh -ASFR5=0280h-029Fh -ASFR6=0300h-031Fh \
  -ASFR7=0380h-039Fh -ASFR8=0400h-041Fh -ASFR9=0480h-049Fh \
  -ASFR10=0500h-051Fh -ASFR11=0580h-059Fh -ASFR12=0600h-061Fh \
  -ASFR13=0680h-06EFh -ASFR14=0700h-076Fh -ASFR15=0780h-07EFh \
  -ASFR16=0800h-086Fh -ASFR17=0880h-08EFh -ASFR18=0900h-096Fh \
  -ASFR19=0980h-09EFh -ASFR20=0A00h-0A6Fh -ASFR21=0A80h-0AEFh \
  -ASFR22=0B00h-0B6Fh -ASFR23=0B80h-0BEFh -ASFR24=0C00h-0C6Fh \
  -ASFR25=0C80h-0CEFh -ASFR26=0D00h-0D6Fh -ASFR27=0D80h-0DEFh \
  -ASFR28=0E00h-0E6Fh -ASFR29=0E80h-0EEFh -ASFR30=0F00h-0F6Fh \
  -ASFR31=0F80h-0FEFh -preset_vec=00h,intentry=04h,init,end_init \
  -ppowerup=CODE -pcinit=CODE -pfunctab=ENTRY -ACONFIG=08007h-08008h \
  -pconfig=CONFIG -DCONFIG=2 -AIDLOC=08000h-08003h -pidloc=IDLOC -DIDLOC=2 \
  -DCODE=2 -DSTRCODE=2 -DSTRING=2 -DCONST=2 -DENTRY=2 -k \
  C:\Users\qojmo2\AppData\Local\Temp\snnk.o \
  dist/default/production\NES2USB.X.production.o 

Object code version is 3.11

Machine type is 16F1455



                Name                               Link     Load   Length Selector   Space Scale
C:\Users\qojmo2\AppData\Local\Temp\snnk.o
                end_init                             10       10        2        8       0
                reset_vec                             0        0        2        0       0
                config                             8007     8007        2    1000E       0
dist/default/production\NES2USB.X.production.o
                cinit                                12       12       1D        8       0
                intentry                              4        4        C        8       0
                text32                              7D2      7D2        E      F64       0
                text31                              717      717       1D      E2E       0
                text30                              645      645       36        8       0
                text29                              279      279       80        8       0
                text28                               2F       2F       9A        8       0
                text27                              4A9      4A9       61        8       0
                text26                              444      444       65        8       0
                text25                              1EE      1EE       8B        8       0
                text24                              2F9      2F9       72        8       0
                text23                               C9       C9       93        8       0
                text22                              3DA      3DA       6A        8       0
                text21                              36B      36B       6F        8       0
                text20                              7E0      7E0        C      F64       0
                text19                              FDF      FDF        3     1FBE       0
                text18                              FF0      FF0        8     1FE0       0
                text17                              FF8      FF8        8     1FF0       0
                text16                              15C      15C       92        8       0
                text14                              7F7      7F7        8      F64       0
                text13                              750      750       1A      EA0       0
                text12                              7C2      7C2       10      F64       0
                text11                              FE2      FE2        4     1FC4       0
                text10                              7B2      7B2       10      F64       0
                text9                               7EC      7EC        B      F64       0
                text8                               6D0      6D0       25      DA0       0
                text7                               7FF      7FF        1      F64       0
                text6                               565      565       5A        8       0
                text5                               791      791       11      F22       0
                text4                               50A      50A       5B        8       0
                text3                               60B      60B       3A        8       0
                text2                               5BF      5BF       4C        8       0
                text1                               67B      67B       2B        8       0
                maintext                            76A      76A       15      EA0       0
                cstackBANK0                          5A       5A        7       30       1
                cstackCOMMON                         70       70        D       70       1
                clrtext                             FEA      FEA        6     1FD4       0
                dataBANK0                            61       61        4       30       1
                bssBANK0                             30       30       2A       30       1
                bssCOMMON                            7D       7D        1       70       1
                stringtext7                        1006     1006        4     2000       0
                stringtext6                         7A2      7A2       10      F44       0
                stringtext5                         77F      77F       12      EFE       0
                stringtext4                         734      734       1C      E68       0
                stringtext3                         6F5      6F5       22      DEA       0
                stringtext2                         6A6      6A6       2A      D4C       0
                stringtext1                        1000     1000        6     2000       0
                idataBANK0                          FE6      FE6        4     1FCC       0

TOTAL           Name                               Link     Load   Length     Space
        CLASS   STACK          

        CLASS   CODE           
                end_init                             10       10        2         0
                cinit                                12       12       1D         0
                intentry                              4        4        C         0
                reset_vec                             0        0        2         0
                text32                              7D2      7D2        E         0
                text31                              717      717       1D         0
                text30                              645      645       36         0
                text29                              279      279       80         0
                text28                               2F       2F       9A         0
                text27                              4A9      4A9       61         0
                text26                              444      444       65         0
                text25                              1EE      1EE       8B         0
                text24                              2F9      2F9       72         0
                text23                               C9       C9       93         0
                text22                              3DA      3DA       6A         0
                text21                              36B      36B       6F         0
                text20                              7E0      7E0        C         0
                text19                              FDF      FDF        3         0
                text18                              FF0      FF0        8         0
                text17                              FF8      FF8        8         0
                text16                              15C      15C       92         0
                text14                              7F7      7F7        8         0
                text13                              750      750       1A         0
                text12                              7C2      7C2       10         0
                text11                              FE2      FE2        4         0
                text10                              7B2      7B2       10         0
                text9                               7EC      7EC        B         0
                text8                               6D0      6D0       25         0
                text7                               7FF      7FF        1         0
                text6                               565      565       5A         0
                text5                               791      791       11         0
                text4                               50A      50A       5B         0
                text3                               60B      60B       3A         0
                text2                               5BF      5BF       4C         0
                text1                               67B      67B       2B         0
                maintext                            76A      76A       15         0
                clrtext                             FEA      FEA        6         0
                idataBANK0                          FE6      FE6        4         0

        CLASS   STRCODE        
                stringtext7                        1006     1006        4         0
                stringtext6                         7A2      7A2       10         0
                stringtext5                         77F      77F       12         0
                stringtext4                         734      734       1C         0
                stringtext3                         6F5      6F5       22         0
                stringtext2                         6A6      6A6       2A         0
                stringtext1                        1000     1000        6         0

        CLASS   STRING         

        CLASS   CONST          

        CLASS   ENTRY          

        CLASS   COMMON         
                cstackCOMMON                         70       70        D         1
                bssCOMMON                            7D       7D        1         1

        CLASS   BANK0          
                cstackBANK0                          5A       5A        7         1
                dataBANK0                            61       61        4         1
                bssBANK0                             30       30       2A         1

        CLASS   BANK1          

        CLASS   BANK2          

        CLASS   BANK3          

        CLASS   BANK4          

        CLASS   BANK5          

        CLASS   BANK6          

        CLASS   BANK7          

        CLASS   BANK8          

        CLASS   BANK9          

        CLASS   BANK10         

        CLASS   BANK11         

        CLASS   BANK12         

        CLASS   BIGRAM         

        CLASS   RAM            

        CLASS   ABS1           
                abs_s1                               20       20       10         1
                abs_s1                               7E       7E        2         1

        CLASS   SFR0           

        CLASS   SFR1           

        CLASS   SFR2           

        CLASS   SFR3           

        CLASS   SFR4           

        CLASS   SFR5           

        CLASS   SFR6           

        CLASS   SFR7           

        CLASS   SFR8           

        CLASS   SFR9           

        CLASS   SFR10          

        CLASS   SFR11          

        CLASS   SFR12          

        CLASS   SFR13          

        CLASS   SFR14          

        CLASS   SFR15          

        CLASS   SFR16          

        CLASS   SFR17          

        CLASS   SFR18          

        CLASS   SFR19          

        CLASS   SFR20          

        CLASS   SFR21          

        CLASS   SFR22          

        CLASS   SFR23          

        CLASS   SFR24          

        CLASS   SFR25          

        CLASS   SFR26          

        CLASS   SFR27          

        CLASS   SFR28          

        CLASS   SFR29          

        CLASS   SFR30          

        CLASS   SFR31          

        CLASS   CONFIG         
                config                             8007     8007        2         0

        CLASS   IDLOC          

        CLASS   BANK31         

        CLASS   BANK30         

        CLASS   BANK29         

        CLASS   BANK28         

        CLASS   BANK27         

        CLASS   BANK26         

        CLASS   BANK25         

        CLASS   BANK24         

        CLASS   BANK23         

        CLASS   BANK22         

        CLASS   BANK21         

        CLASS   BANK20         

        CLASS   BANK19         

        CLASS   BANK18         

        CLASS   BANK17         

        CLASS   BANK16         

        CLASS   BANK15         

        CLASS   BANK14         

        CLASS   BANK13         

        CLASS   EEDATA         



SEGMENTS        Name                           Load    Length   Top    Selector   Space  Class     Delta

                reset_vec                      000000  000002  000002         0       0  CODE        2
                intentry                       000004  0006A2  0006A6         8       0  CODE        2
                bssBANK0                       000030  000035  000065        30       1  BANK0       1
                cstackCOMMON                   000070  00000E  00007E        70       1  COMMON      1
                stringtext2                    0006A6  00002A  0006D0       D4C       0  STRCODE     2
                text8                          0006D0  000025  0006F5       DA0       0  CODE        2
                stringtext3                    0006F5  000022  000717       DEA       0  STRCODE     2
                text31                         000717  00001D  000734       E2E       0  CODE        2
                stringtext4                    000734  00001C  000750       E68       0  STRCODE     2
                text13                         000750  00002F  00077F       EA0       0  CODE        2
                stringtext5                    00077F  000012  000791       EFE       0  STRCODE     2
                text5                          000791  000011  0007A2       F22       0  CODE        2
                stringtext6                    0007A2  000010  0007B2       F44       0  STRCODE     2
                text10                         0007B2  00004E  000800       F64       0  CODE        2
                text19                         000FDF  000003  000FE2      1FBE       0  CODE        2
                text11                         000FE2  000004  000FE6      1FC4       0  CODE        2
                idataBANK0                     000FE6  000004  000FEA      1FCC       0  CODE        2
                clrtext                        000FEA  000006  000FF0      1FD4       0  CODE        2
                text18                         000FF0  000008  000FF8      1FE0       0  CODE        2
                text17                         000FF8  000008  001000      1FF0       0  CODE        2
                stringtext1                    001000  00000A  00100A      2000       0  STRCODE     2
                config                         008007  000002  008009     1000E       0  CONFIG      2


UNUSED ADDRESS RANGES

        Name                Unused          Largest block    Delta
        BANK0            00065-0006F               B           1
        BANK1            000A0-000EF              50           1
        BANK10           00520-0056F              50           1
        BANK11           005A0-005EF              50           1
        BANK12           00620-0064F              30           1
        BANK2            00120-0016F              50           1
        BANK3            001A0-001EF              50           1
        BANK4            00220-0026F              50           1
        BANK5            002A0-002EF              50           1
        BANK6            00320-0036F              50           1
        BANK7            003A0-003EF              50           1
        BANK8            00420-0046F              50           1
        BANK9            004A0-004EF              50           1
        BIGRAM           02000-023EF             3F0           1
        CODE             00002-00003               2           2
                         00800-00FDE             7DF
                         0100A-01FFF             7F6
        CONST            00002-00003               2           2
                         00800-00FDE             100
                         0100A-01FFF             100
        ENTRY            00002-00003               2           2
                         00800-00FDE             100
                         0100A-01FFF             100
        IDLOC            08000-08003               4           2
        RAM              00065-0006F               B           1
                         000A0-000EF              50
                         00120-0016F              50
                         001A0-001EF              50
                         00220-0026F              50
                         002A0-002EF              50
                         00320-0036F              50
                         003A0-003EF              50
                         00420-0046F              50
                         004A0-004EF              50
                         00520-0056F              50
                         005A0-005EF              50
                         00620-0064F              30
        SFR0             00000-0001F              20           1
        SFR1             00080-0009F              20           1
        SFR10            00500-0051F              20           1
        SFR11            00580-0059F              20           1
        SFR12            00600-0061F              20           1
        SFR13            00680-006EF              70           1
        SFR14            00700-0076F              70           1
        SFR15            00780-007EF              70           1
        SFR16            00800-0086F              70           1
        SFR17            00880-008EF              70           1
        SFR18            00900-0096F              70           1
        SFR19            00980-009EF              70           1
        SFR2             00100-0011F              20           1
        SFR20            00A00-00A6F              70           1
        SFR21            00A80-00AEF              70           1
        SFR22            00B00-00B6F              70           1
        SFR23            00B80-00BEF              70           1
        SFR24            00C00-00C6F              70           1
        SFR25            00C80-00CEF              70           1
        SFR26            00D00-00D6F              70           1
        SFR27            00D80-00DEF              70           1
        SFR28            00E00-00E6F              70           1
        SFR29            00E80-00EEF              70           1
        SFR3             00180-0019F              20           1
        SFR30            00F00-00F6F              70           1
        SFR31            00F80-00FEF              70           1
        SFR4             00200-0021F              20           1
        SFR5             00280-0029F              20           1
        SFR6             00300-0031F              20           1
        SFR7             00380-0039F              20           1
        SFR8             00400-0041F              20           1
        SFR9             00480-0049F              20           1
        STACK            02045-023EF             3AB           1
        STRCODE          00002-00003               2           2
                         00800-00FDE             7DF
                         0100A-01FFF             FF6
        STRING           00002-00003               2           2
                         00800-00FDE             100
                         0100A-01FFF             100

                                  Symbol Table

GetDescriptor@descriptorIndex     cstackCOMMON 00073
GetDescriptor@descriptorType      cstackCOMMON 00074
GetStatus@endpointDir             cstackCOMMON 00073
GetStatus@endpointNum             cstackCOMMON 00072
GetStatus@recipient               cstackCOMMON 00074
HIDInitEndpoints@i                cstackCOMMON 00074
HIDSend@InterfaceNo               cstackBANK0  0005D
InDataStage@bufferSize            cstackCOMMON 00073
InDataStage@i                     cstackCOMMON 00072
IsUsbDataAvaialble@InterfaceNo    cstackBANK0  0005B
NES_read_pad@i                    cstackBANK0  0005D
NES_read_pad@output               cstackBANK0  0005C
OutDataStage@bufferSize           cstackCOMMON 00073
OutDataStage@i                    cstackCOMMON 00071
PrepareTxBuffer@gamepad_reading   cstackBANK0  0005E
PrepareTxBuffer@n                 cstackBANK0  0005D
PrepareTxBuffer@x                 cstackBANK0  0005B
PrepareTxBuffer@y                 cstackBANK0  0005C
ProcessControlTransfer@PID        cstackCOMMON 0007B
ProcessHIDRequest@bRequest        cstackCOMMON 00072
ProcessHIDRequest@descriptorType  cstackCOMMON 00071
ProcessIO@reading                 cstackBANK0  00060
ProcessStandardRequest@request    cstackCOMMON 00077
ReArmInterface@InterfaceNo        cstackBANK0  0005D
SetFeature@endpointDir            cstackCOMMON 00075
SetFeature@endpointNum            cstackCOMMON 00074
SetFeature@feature                cstackCOMMON 00073
SetFeature@recipient              cstackCOMMON 00072
_ACTCON                           (abs)        0039B
_ANSELA                           (abs)        0018C
_ANSELAbits                       (abs)        0018C
_ANSELC                           (abs)        0018E
_ANSELCbits                       (abs)        0018E
_Buffers                          dataBANK0    00061
_BusReset                         text31       00717
_CheckUsb                         text5        00791
_ConfigurationDescriptor          stringtext3  006F5
_ControlTransferBuffer            bssBANK0     00049
_CtrlTransferStage                bssBANK0     0003A
_CurrentConfiguration             bssBANK0     00059
_DeviceAddress                    bssBANK0     0003C
_DeviceDescriptor                 stringtext5  0077F
_DeviceState                      bssBANK0     0003F
_EnableInterrupts                 text14       007F7
_EnableUSBModule                  text13       00750
_EndpointFlags                    (abs)        00E99
_GetDescriptor                    text27       004A9
_GetStatus                        text26       00444
_HIDInitEndpoints                 text25       001EE
_HIDPostProcess                   bssBANK0     00039
_HIDReport                        stringtext2  006A6
_HIDRxBuffer                      bssBANK0     00054
_HIDSend                          text4        0050A
_HIDTxBuffer                      bssBANK0     00051
_HidIdleRate                      bssBANK0     00058
_HidProtocol                      bssBANK0     00057
_HidRxLen                         bssBANK0     00037
_INTCONbits                       (abs)        0000B
_ISRCode                          intentry     00004
_InDataStage                      text29       00279
_InitializeSystem                 text12       007C2
_InitializeUSB                    text10       007B2
_Interfaces                       (abs)        00020
_IsUsbDataAvaialble               text8        006D0
_LATC                             (abs)        0010E
_LATCbits                         (abs)        0010E
_NES_GPIO_Initialize              text9        007EC
_NES_read_pad                     text3        0060B
_OPTION_REG                       (abs)        00095
_OSCCON                           (abs)        00099
_OSCTUNE                          (abs)        00098
_OutDataStage                     text30       00645
_PIE2bits                         (abs)        00092
_PIR2bits                         (abs)        00012
_PORTAbits                        (abs)        0000C
_PORTCbits                        (abs)        0000E
_PrepareTxBuffer                  text2        005BF
_ProcessControlTransfer           text21       0036B
_ProcessHIDRequest                text28       0002F
_ProcessIO                        text1        0067B
_ProcessIncomingData              text7        007FF
_ProcessStandardRequest           text23       000C9
_ProcessUSBTransactions           text16       0015C
_ROMoutPtr                        bssBANK0     00032
_ReArmInterface                   text6        00565
_RemoteWakeup                     bssBANK0     0003D
_RequestHandled                   bssBANK0     00038
_ResetPPBuffers                   text11       00FE2
_SelfPowered                      bssBANK0     0003B
_SetFeature                       text24       002F9
_SetupPacket                      bssBANK0     00040
_SetupStage                       text22       003DA
_Stall                            text20       007E0
_StartOfFrame                     text19       00FDF
_StringDescriptor0                stringtext7  01006
_StringDescriptor1                stringtext4  00734
_StringDescriptor2                stringtext6  007A2
_StringDescriptorPointers         stringtext1  01000
_Suspend                          text18       00FF0
_TRISAbits                        (abs)        0008C
_TRISCbits                        (abs)        0008E
_UADDR                            (abs)        00E96
_UCFG                             (abs)        00E91
_UCON                             (abs)        00E8E
_UCONbits                         (abs)        00E8E
_UEIE                             (abs)        00E97
_UEIR                             (abs)        00E93
_UEP0                             (abs)        00E98
_UEP0bits                         (abs)        00E98
_UIE                              (abs)        00E92
_UIEbits                          (abs)        00E92
_UIR                              (abs)        00E90
_UIRbits                          (abs)        00E90
_USTAT                            (abs)        00E8F
_UnSuspend                        text17       00FF8
_WaitForSetupStage                text32       007D2
__CFG_BOREN$ON                    (abs)        00000
__CFG_BORV$LO                     (abs)        00000
__CFG_CLKOUTEN$OFF                (abs)        00000
__CFG_CP$OFF                      (abs)        00000
__CFG_CPUDIV$NOCLKDIV             (abs)        00000
__CFG_FCMEN$OFF                   (abs)        00000
__CFG_FOSC$INTOSC                 (abs)        00000
__CFG_IESO$OFF                    (abs)        00000
__CFG_LPBOR$OFF                   (abs)        00000
__CFG_LVP$OFF                     (abs)        00000
__CFG_MCLRE$OFF                   (abs)        00000
__CFG_PLLEN$ENABLED               (abs)        00000
__CFG_PLLMULT$3x                  (abs)        00000
__CFG_PWRTE$OFF                   (abs)        00000
__CFG_STVREN$ON                   (abs)        00000
__CFG_USBLSCLK$48MHz              (abs)        00000
__CFG_WDTE$OFF                    (abs)        00000
__CFG_WRT$OFF                     (abs)        00000
__Habs1                           abs1         00000
__Hbank0                          bank0        00000
__Hbank1                          bank1        00000
__Hbank10                         bank10       00000
__Hbank11                         bank11       00000
__Hbank12                         bank12       00000
__Hbank13                         bank13       00000
__Hbank14                         bank14       00000
__Hbank15                         bank15       00000
__Hbank16                         bank16       00000
__Hbank17                         bank17       00000
__Hbank18                         bank18       00000
__Hbank19                         bank19       00000
__Hbank2                          bank2        00000
__Hbank20                         bank20       00000
__Hbank21                         bank21       00000
__Hbank22                         bank22       00000
__Hbank23                         bank23       00000
__Hbank24                         bank24       00000
__Hbank25                         bank25       00000
__Hbank26                         bank26       00000
__Hbank27                         bank27       00000
__Hbank28                         bank28       00000
__Hbank29                         bank29       00000
__Hbank3                          bank3        00000
__Hbank30                         bank30       00000
__Hbank31                         bank31       00000
__Hbank4                          bank4        00000
__Hbank5                          bank5        00000
__Hbank6                          bank6        00000
__Hbank7                          bank7        00000
__Hbank8                          bank8        00000
__Hbank9                          bank9        00000
__Hbigram                         bigram       00000
__HbssBANK0                       bssBANK0     00000
__HbssCOMMON                      bssCOMMON    00000
__Hcinit                          cinit        0002F
__Hclrtext                        clrtext      00000
__Hcode                           code         00000
__Hcommon                         common       00000
__Hconfig                         config       08009
__HcstackBANK0                    cstackBANK0  00000
__HcstackCOMMON                   cstackCOMMON 00000
__HdataBANK0                      dataBANK0    00000
__Heeprom_data                    eeprom_data  00000
__Hend_init                       end_init     00012
__Hfunctab                        functab      00000
__HidataBANK0                     idataBANK0   00000
__Hidloc                          idloc        00000
__Hinit                           init         00010
__Hintentry                       intentry     00010
__Hmaintext                       maintext     00000
__Hpowerup                        powerup      00000
__Hram                            ram          00000
__Hreset_vec                      reset_vec    00002
__Hsfr0                           sfr0         00000
__Hsfr1                           sfr1         00000
__Hsfr10                          sfr10        00000
__Hsfr11                          sfr11        00000
__Hsfr12                          sfr12        00000
__Hsfr13                          sfr13        00000
__Hsfr14                          sfr14        00000
__Hsfr15                          sfr15        00000
__Hsfr16                          sfr16        00000
__Hsfr17                          sfr17        00000
__Hsfr18                          sfr18        00000
__Hsfr19                          sfr19        00000
__Hsfr2                           sfr2         00000
__Hsfr20                          sfr20        00000
__Hsfr21                          sfr21        00000
__Hsfr22                          sfr22        00000
__Hsfr23                          sfr23        00000
__Hsfr24                          sfr24        00000
__Hsfr25                          sfr25        00000
__Hsfr26                          sfr26        00000
__Hsfr27                          sfr27        00000
__Hsfr28                          sfr28        00000
__Hsfr29                          sfr29        00000
__Hsfr3                           sfr3         00000
__Hsfr30                          sfr30        00000
__Hsfr31                          sfr31        00000
__Hsfr4                           sfr4         00000
__Hsfr5                           sfr5         00000
__Hsfr6                           sfr6         00000
__Hsfr7                           sfr7         00000
__Hsfr8                           sfr8         00000
__Hsfr9                           sfr9         00000
__Hspace_0                        (abs)        08009
__Hspace_1                        (abs)        0007E
__Hspace_2                        (abs)        00000
__Hspace_3                        (abs)        00000
__Hstack                          stack        00000
__Hstrings                        strings      00000
__Hstringtext1                    stringtext1  00000
__Hstringtext2                    stringtext2  00000
__Hstringtext3                    stringtext3  00000
__Hstringtext4                    stringtext4  00000
__Hstringtext5                    stringtext5  00000
__Hstringtext6                    stringtext6  00000
__Hstringtext7                    stringtext7  00000
__Htext                           text         00000
__Labs1                           abs1         00000
__Lbank0                          bank0        00000
__Lbank1                          bank1        00000
__Lbank10                         bank10       00000
__Lbank11                         bank11       00000
__Lbank12                         bank12       00000
__Lbank13                         bank13       00000
__Lbank14                         bank14       00000
__Lbank15                         bank15       00000
__Lbank16                         bank16       00000
__Lbank17                         bank17       00000
__Lbank18                         bank18       00000
__Lbank19                         bank19       00000
__Lbank2                          bank2        00000
__Lbank20                         bank20       00000
__Lbank21                         bank21       00000
__Lbank22                         bank22       00000
__Lbank23                         bank23       00000
__Lbank24                         bank24       00000
__Lbank25                         bank25       00000
__Lbank26                         bank26       00000
__Lbank27                         bank27       00000
__Lbank28                         bank28       00000
__Lbank29                         bank29       00000
__Lbank3                          bank3        00000
__Lbank30                         bank30       00000
__Lbank31                         bank31       00000
__Lbank4                          bank4        00000
__Lbank5                          bank5        00000
__Lbank6                          bank6        00000
__Lbank7                          bank7        00000
__Lbank8                          bank8        00000
__Lbank9                          bank9        00000
__Lbigram                         bigram       00000
__LbssBANK0                       bssBANK0     00000
__LbssCOMMON                      bssCOMMON    00000
__Lcinit                          cinit        00012
__Lclrtext                        clrtext      00000
__Lcode                           code         00000
__Lcommon                         common       00000
__Lconfig                         config       08007
__LcstackBANK0                    cstackBANK0  00000
__LcstackCOMMON                   cstackCOMMON 00000
__LdataBANK0                      dataBANK0    00000
__Leeprom_data                    eeprom_data  00000
__Lend_init                       end_init     00010
__Lfunctab                        functab      00000
__LidataBANK0                     idataBANK0   00000
__Lidloc                          idloc        00000
__Linit                           init         00010
__Lintentry                       intentry     00004
__Lmaintext                       maintext     00000
__Lpowerup                        powerup      00000
__Lram                            ram          00000
__Lreset_vec                      reset_vec    00000
__Lsfr0                           sfr0         00000
__Lsfr1                           sfr1         00000
__Lsfr10                          sfr10        00000
__Lsfr11                          sfr11        00000
__Lsfr12                          sfr12        00000
__Lsfr13                          sfr13        00000
__Lsfr14                          sfr14        00000
__Lsfr15                          sfr15        00000
__Lsfr16                          sfr16        00000
__Lsfr17                          sfr17        00000
__Lsfr18                          sfr18        00000
__Lsfr19                          sfr19        00000
__Lsfr2                           sfr2         00000
__Lsfr20                          sfr20        00000
__Lsfr21                          sfr21        00000
__Lsfr22                          sfr22        00000
__Lsfr23                          sfr23        00000
__Lsfr24                          sfr24        00000
__Lsfr25                          sfr25        00000
__Lsfr26                          sfr26        00000
__Lsfr27                          sfr27        00000
__Lsfr28                          sfr28        00000
__Lsfr29                          sfr29        00000
__Lsfr3                           sfr3         00000
__Lsfr30                          sfr30        00000
__Lsfr31                          sfr31        00000
__Lsfr4                           sfr4         00000
__Lsfr5                           sfr5         00000
__Lsfr6                           sfr6         00000
__Lsfr7                           sfr7         00000
__Lsfr8                           sfr8         00000
__Lsfr9                           sfr9         00000
__Lspace_0                        (abs)        00000
__Lspace_1                        (abs)        00000
__Lspace_2                        (abs)        00000
__Lspace_3                        (abs)        00000
__Lstack                          stack        00000
__Lstrings                        strings      00000
__Lstringtext1                    stringtext1  00000
__Lstringtext2                    stringtext2  00000
__Lstringtext3                    stringtext3  00000
__Lstringtext4                    stringtext4  00000
__Lstringtext5                    stringtext5  00000
__Lstringtext6                    stringtext6  00000
__Lstringtext7                    stringtext7  00000
__Ltext                           text         00000
__S0                              (abs)        08009
__S1                              (abs)        0007E
__S2                              (abs)        00000
___int_sp                         stack        00000
___latbits                        (abs)        00002
___sp                             stack        00000
___stackhi                        (abs)        023EF
___stacklo                        (abs)        02045
__end_of_BusReset                 text31       00734
__end_of_CheckUsb                 text5        007A2
__end_of_ConfigurationDescriptor  stringtext3  00717
__end_of_DeviceDescriptor         stringtext5  00791
__end_of_EnableInterrupts         text14       007FF
__end_of_EnableUSBModule          text13       0076A
__end_of_GetDescriptor            text27       0050A
__end_of_GetStatus                text26       004A9
__end_of_HIDInitEndpoints         text25       00279
__end_of_HIDReport                stringtext2  006D0
__end_of_HIDSend                  text4        00565
__end_of_ISRCode                  intentry     00010
__end_of_InDataStage              text29       002F9
__end_of_InitializeSystem         text12       007D2
__end_of_InitializeUSB            text10       007C2
__end_of_IsUsbDataAvaialble       text8        006F5
__end_of_NES_GPIO_Initialize      text9        007F7
__end_of_NES_read_pad             text3        00645
__end_of_OutDataStage             text30       0067B
__end_of_PrepareTxBuffer          text2        0060B
__end_of_ProcessControlTransfer   text21       003DA
__end_of_ProcessHIDRequest        text28       000C9
__end_of_ProcessIO                text1        006A6
__end_of_ProcessIncomingData      text7        00800
__end_of_ProcessStandardRequest   text23       0015C
__end_of_ProcessUSBTransactions   text16       001EE
__end_of_ReArmInterface           text6        005BF
__end_of_ResetPPBuffers           text11       00FE6
__end_of_SetFeature               text24       0036B
__end_of_SetupStage               text22       00444
__end_of_Stall                    text20       007EC
__end_of_StartOfFrame             text19       00FE2
__end_of_StringDescriptor0        stringtext7  0100A
__end_of_StringDescriptor1        stringtext4  00750
__end_of_StringDescriptor2        stringtext6  007B2
__end_of_StringDescriptorPointers stringtext1  01006
__end_of_Suspend                  text18       00FF8
__end_of_UnSuspend                text17       01000
__end_of_WaitForSetupStage        text32       007E0
__end_of__initialization          cinit        0002B
__end_of_main                     maintext     0077F
__initialization                  cinit        00012
__pbssBANK0                       bssBANK0     00030
__pbssCOMMON                      bssCOMMON    0007D
__pcstackBANK0                    cstackBANK0  0005A
__pcstackCOMMON                   cstackCOMMON 00070
__pdataBANK0                      dataBANK0    00061
__pidataBANK0                     idataBANK0   00FE6
__pintentry                       intentry     00004
__pmaintext                       maintext     0076A
__pstringtext1                    stringtext1  01000
__pstringtext2                    stringtext2  006A6
__pstringtext3                    stringtext3  006F5
__pstringtext4                    stringtext4  00734
__pstringtext5                    stringtext5  0077F
__pstringtext6                    stringtext6  007A2
__pstringtext7                    stringtext7  01006
__ptext1                          text1        0067B
__ptext10                         text10       007B2
__ptext11                         text11       00FE2
__ptext12                         text12       007C2
__ptext13                         text13       00750
__ptext14                         text14       007F7
__ptext16                         text16       0015C
__ptext17                         text17       00FF8
__ptext18                         text18       00FF0
__ptext19                         text19       00FDF
__ptext2                          text2        005BF
__ptext20                         text20       007E0
__ptext21                         text21       0036B
__ptext22                         text22       003DA
__ptext23                         text23       000C9
__ptext24                         text24       002F9
__ptext25                         text25       001EE
__ptext26                         text26       00444
__ptext27                         text27       004A9
__ptext28                         text28       0002F
__ptext29                         text29       00279
__ptext3                          text3        0060B
__ptext30                         text30       00645
__ptext31                         text31       00717
__ptext32                         text32       007D2
__ptext4                          text4        0050A
__ptext5                          text5        00791
__ptext6                          text6        00565
__ptext7                          text7        007FF
__ptext8                          text8        006D0
__ptext9                          text9        007EC
__size_of_BusReset                (abs)        00000
__size_of_CheckUsb                (abs)        00000
__size_of_EnableInterrupts        (abs)        00000
__size_of_EnableUSBModule         (abs)        00000
__size_of_GetDescriptor           (abs)        00000
__size_of_GetStatus               (abs)        00000
__size_of_HIDInitEndpoints        (abs)        00000
__size_of_HIDSend                 (abs)        00000
__size_of_ISRCode                 (abs)        00000
__size_of_InDataStage             (abs)        00000
__size_of_InitializeSystem        (abs)        00000
__size_of_InitializeUSB           (abs)        00000
__size_of_IsUsbDataAvaialble      (abs)        00000
__size_of_NES_GPIO_Initialize     (abs)        00000
__size_of_NES_read_pad            (abs)        00000
__size_of_OutDataStage            (abs)        00000
__size_of_PrepareTxBuffer         (abs)        00000
__size_of_ProcessControlTransfer  (abs)        00000
__size_of_ProcessHIDRequest       (abs)        00000
__size_of_ProcessIO               (abs)        00000
__size_of_ProcessIncomingData     (abs)        00000
__size_of_ProcessStandardRequest  (abs)        00000
__size_of_ProcessUSBTransactions  (abs)        00000
__size_of_ReArmInterface          (abs)        00000
__size_of_ResetPPBuffers          (abs)        00000
__size_of_SetFeature              (abs)        00000
__size_of_SetupStage              (abs)        00000
__size_of_Stall                   (abs)        00000
__size_of_StartOfFrame            (abs)        00000
__size_of_Suspend                 (abs)        00000
__size_of_UnSuspend               (abs)        00000
__size_of_WaitForSetupStage       (abs)        00000
__size_of_main                    (abs)        00000
_inPtr                            bssCOMMON    0007D
_last_gamepad_reading             bssBANK0     0003E
_main                             maintext     0076A
_outPtr                           bssBANK0     00036
_transferType                     bssBANK0     00035
_wCount                           bssBANK0     00030
btemp                             (abs)        0007E
clear_ram0                        clrtext      00FEA
end_of_initialization             cinit        0002B
int$flags                         (abs)        0007E
intlevel0                         functab      00000
intlevel1                         functab      00000
intlevel2                         functab      00000
intlevel3                         functab      00000
intlevel4                         functab      00000
intlevel5                         functab      00000
reset_vec                         reset_vec    00000
start                             init         00010
start_initialization              cinit        00012
wtemp0                            (abs)        0007E


FUNCTION INFORMATION:

 *************** function _main *****************
 Defined at:
		line 146 in file "Source/Main.c"
 Parameters:    Size  Location     Type
		None
 Auto vars:     Size  Location     Type
		None
 Return value:  Size  Location     Type
                  1    wreg      void 
 Registers used:
		wreg, fsr1l, fsr1h, status,2, status,0, pclath, cstack
 Tracked objects:
		On entry : 
		On exit  : 
		Unchanged: 
 Data sizes:     COMMON   BANK0   BANK1   BANK2   BANK3   BANK4   BANK5   BANK6   BANK7   BANK8   BANK9  BANK10  BANK11  BANK12
      Params:         0       0       0       0       0       0       0       0       0       0       0       0       0       0
      Locals:         0       0       0       0       0       0       0       0       0       0       0       0       0       0
      Temps:          0       0       0       0       0       0       0       0       0       0       0       0       0       0
      Totals:         0       0       0       0       0       0       0       0       0       0       0       0       0       0
Total ram usage:        0 bytes
 Hardware stack levels required when called:    9
 This function calls:
		_EnableInterrupts
		_EnableUSBModule
		_InitializeSystem
		_InitializeUSB
		_NES_GPIO_Initialize
		_ProcessIO
 This function is called by:
		Startup code after reset
 This function uses a non-reentrant model


 *************** function _ProcessIO *****************
 Defined at:
		line 129 in file "Source/Main.c"
 Parameters:    Size  Location     Type
		None
 Auto vars:     Size  Location     Type
  reading         1    6[BANK0 ] unsigned char 
 Return value:  Size  Location     Type
                  1    wreg      void 
 Registers used:
		wreg, fsr1l, fsr1h, status,2, status,0, pclath, cstack
 Tracked objects:
		On entry : 
		On exit  : 
		Unchanged: 
 Data sizes:     COMMON   BANK0   BANK1   BANK2   BANK3   BANK4   BANK5   BANK6   BANK7   BANK8   BANK9  BANK10  BANK11  BANK12
      Params:         0       0       0       0       0       0       0       0       0       0       0       0       0       0
      Locals:         0       1       0       0       0       0       0       0       0       0       0       0       0       0
      Temps:          0       1       0       0       0       0       0       0       0       0       0       0       0       0
      Totals:         0       2       0       0       0       0       0       0       0       0       0       0       0       0
Total ram usage:        2 bytes
 Hardware stack levels used:    1
 Hardware stack levels required when called:    8
 This function calls:
		_CheckUsb
		_HIDSend
		_NES_read_pad
		_PrepareTxBuffer
 This function is called by:
		_main
 This function uses a non-reentrant model


 *************** function _PrepareTxBuffer *****************
 Defined at:
		line 69 in file "Source/Main.c"
 Parameters:    Size  Location     Type
  gamepad_read    1    wreg     unsigned char 
 Auto vars:     Size  Location     Type
  gamepad_read    1    4[BANK0 ] unsigned char 
  y               1    2[BANK0 ] char 
  x               1    1[BANK0 ] char 
  n               1    3[BANK0 ] unsigned char 
 Return value:  Size  Location     Type
                  1    wreg      void 
 Registers used:
		wreg, fsr1l, fsr1h, status,2, status,0
 Tracked objects:
		On entry : 
		On exit  : 
		Unchanged: 
 Data sizes:     COMMON   BANK0   BANK1   BANK2   BANK3   BANK4   BANK5   BANK6   BANK7   BANK8   BANK9  BANK10  BANK11  BANK12
      Params:         0       0       0       0       0       0       0       0       0       0       0       0       0       0
      Locals:         0       4       0       0       0       0       0       0       0       0       0       0       0       0
      Temps:          0       1       0       0       0       0       0       0       0       0       0       0       0       0
      Totals:         0       5       0       0       0       0       0       0       0       0       0       0       0       0
Total ram usage:        5 bytes
 Hardware stack levels used:    1
 Hardware stack levels required when called:    6
 This function calls:
		Nothing
 This function is called by:
		_ProcessIO
 This function uses a non-reentrant model


 *************** function _NES_read_pad *****************
 Defined at:
		line 52 in file "Source/nes_gamepad.c"
 Parameters:    Size  Location     Type
		None
 Auto vars:     Size  Location     Type
  i               2    3[BANK0 ] int 
  output          1    2[BANK0 ] unsigned char 
 Return value:  Size  Location     Type
                  1    wreg      unsigned char 
 Registers used:
		wreg, status,2, status,0
 Tracked objects:
		On entry : 
		On exit  : 
		Unchanged: 
 Data sizes:     COMMON   BANK0   BANK1   BANK2   BANK3   BANK4   BANK5   BANK6   BANK7   BANK8   BANK9  BANK10  BANK11  BANK12
      Params:         0       0       0       0       0       0       0       0       0       0       0       0       0       0
      Locals:         0       3       0       0       0       0       0       0       0       0       0       0       0       0
      Temps:          0       2       0       0       0       0       0       0       0       0       0       0       0       0
      Totals:         0       5       0       0       0       0       0       0       0       0       0       0       0       0
Total ram usage:        5 bytes
 Hardware stack levels used:    1
 Hardware stack levels required when called:    6
 This function calls:
		Nothing
 This function is called by:
		_ProcessIO
 This function uses a non-reentrant model


 *************** function _HIDSend *****************
 Defined at:
		line 216 in file "Source/Usb.c"
 Parameters:    Size  Location     Type
  InterfaceNo     1    wreg     unsigned char 
 Auto vars:     Size  Location     Type
  InterfaceNo     1    3[BANK0 ] unsigned char 
 Return value:  Size  Location     Type
                  1    wreg      void 
 Registers used:
		wreg, fsr1l, fsr1h, status,2, status,0
 Tracked objects:
		On entry : 
		On exit  : 
		Unchanged: 
 Data sizes:     COMMON   BANK0   BANK1   BANK2   BANK3   BANK4   BANK5   BANK6   BANK7   BANK8   BANK9  BANK10  BANK11  BANK12
      Params:         0       0       0       0       0       0       0       0       0       0       0       0       0       0
      Locals:         0       1       0       0       0       0       0       0       0       0       0       0       0       0
      Temps:          0       3       0       0       0       0       0       0       0       0       0       0       0       0
      Totals:         0       4       0       0       0       0       0       0       0       0       0       0       0       0
Total ram usage:        4 bytes
 Hardware stack levels used:    1
 Hardware stack levels required when called:    6
 This function calls:
		Nothing
 This function is called by:
		_ProcessIO
 This function uses a non-reentrant model


 *************** function _CheckUsb *****************
 Defined at:
		line 120 in file "Source/Main.c"
 Parameters:    Size  Location     Type
		None
 Auto vars:     Size  Location     Type
		None
 Return value:  Size  Location     Type
                  1    wreg      void 
 Registers used:
		wreg, fsr1l, fsr1h, status,2, status,0, pclath, cstack
 Tracked objects:
		On entry : 
		On exit  : 
		Unchanged: 
 Data sizes:     COMMON   BANK0   BANK1   BANK2   BANK3   BANK4   BANK5   BANK6   BANK7   BANK8   BANK9  BANK10  BANK11  BANK12
      Params:         0       0       0       0       0       0       0       0       0       0       0       0       0       0
      Locals:         0       0       0       0       0       0       0       0       0       0       0       0       0       0
      Temps:          0       0       0       0       0       0       0       0       0       0       0       0       0       0
      Totals:         0       0       0       0       0       0       0       0       0       0       0       0       0       0
Total ram usage:        0 bytes
 Hardware stack levels used:    1
 Hardware stack levels required when called:    7
 This function calls:
		_IsUsbDataAvaialble
		_ProcessIncomingData
		_ReArmInterface
 This function is called by:
		_ProcessIO
 This function uses a non-reentrant model


 *************** function _ReArmInterface *****************
 Defined at:
		line 196 in file "Source/Usb.c"
 Parameters:    Size  Location     Type
  InterfaceNo     1    wreg     unsigned char 
 Auto vars:     Size  Location     Type
  InterfaceNo     1    3[BANK0 ] unsigned char 
 Return value:  Size  Location     Type
                  1    wreg      void 
 Registers used:
		wreg, fsr1l, fsr1h, status,2, status,0
 Tracked objects:
		On entry : 
		On exit  : 
		Unchanged: 
 Data sizes:     COMMON   BANK0   BANK1   BANK2   BANK3   BANK4   BANK5   BANK6   BANK7   BANK8   BANK9  BANK10  BANK11  BANK12
      Params:         0       0       0       0       0       0       0       0       0       0       0       0       0       0
      Locals:         0       1       0       0       0       0       0       0       0       0       0       0       0       0
      Temps:          0       3       0       0       0       0       0       0       0       0       0       0       0       0
      Totals:         0       4       0       0       0       0       0       0       0       0       0       0       0       0
Total ram usage:        4 bytes
 Hardware stack levels used:    1
 Hardware stack levels required when called:    6
 This function calls:
		Nothing
 This function is called by:
		_CheckUsb
 This function uses a non-reentrant model


 *************** function _ProcessIncomingData *****************
 Defined at:
		line 114 in file "Source/Main.c"
 Parameters:    Size  Location     Type
		None
 Auto vars:     Size  Location     Type
		None
 Return value:  Size  Location     Type
                  1    wreg      void 
 Registers used:
		None
 Tracked objects:
		On entry : 
		On exit  : 
		Unchanged: 
 Data sizes:     COMMON   BANK0   BANK1   BANK2   BANK3   BANK4   BANK5   BANK6   BANK7   BANK8   BANK9  BANK10  BANK11  BANK12
      Params:         0       0       0       0       0       0       0       0       0       0       0       0       0       0
      Locals:         0       0       0       0       0       0       0       0       0       0       0       0       0       0
      Temps:          0       0       0       0       0       0       0       0       0       0       0       0       0       0
      Totals:         0       0       0       0       0       0       0       0       0       0       0       0       0       0
Total ram usage:        0 bytes
 Hardware stack levels used:    1
 Hardware stack levels required when called:    6
 This function calls:
		Nothing
 This function is called by:
		_CheckUsb
 This function uses a non-reentrant model


 *************** function _IsUsbDataAvaialble *****************
 Defined at:
		line 186 in file "Source/Usb.c"
 Parameters:    Size  Location     Type
  InterfaceNo     1    wreg     unsigned char 
 Auto vars:     Size  Location     Type
  InterfaceNo     1    1[BANK0 ] unsigned char 
 Return value:  Size  Location     Type
                  1    wreg      unsigned char 
 Registers used:
		wreg, fsr1l, fsr1h, status,2, status,0
 Tracked objects:
		On entry : 
		On exit  : 
		Unchanged: 
 Data sizes:     COMMON   BANK0   BANK1   BANK2   BANK3   BANK4   BANK5   BANK6   BANK7   BANK8   BANK9  BANK10  BANK11  BANK12
      Params:         0       0       0       0       0       0       0       0       0       0       0       0       0       0
      Locals:         0       1       0       0       0       0       0       0       0       0       0       0       0       0
      Temps:          0       1       0       0       0       0       0       0       0       0       0       0       0       0
      Totals:         0       2       0       0       0       0       0       0       0       0       0       0       0       0
Total ram usage:        2 bytes
 Hardware stack levels used:    1
 Hardware stack levels required when called:    6
 This function calls:
		Nothing
 This function is called by:
		_CheckUsb
 This function uses a non-reentrant model


 *************** function _NES_GPIO_Initialize *****************
 Defined at:
		line 41 in file "Source/nes_gamepad.c"
 Parameters:    Size  Location     Type
		None
 Auto vars:     Size  Location     Type
		None
 Return value:  Size  Location     Type
                  1    wreg      void 
 Registers used:
		None
 Tracked objects:
		On entry : 
		On exit  : 
		Unchanged: 
 Data sizes:     COMMON   BANK0   BANK1   BANK2   BANK3   BANK4   BANK5   BANK6   BANK7   BANK8   BANK9  BANK10  BANK11  BANK12
      Params:         0       0       0       0       0       0       0       0       0       0       0       0       0       0
      Locals:         0       0       0       0       0       0       0       0       0       0       0       0       0       0
      Temps:          0       0       0       0       0       0       0       0       0       0       0       0       0       0
      Totals:         0       0       0       0       0       0       0       0       0       0       0       0       0       0
Total ram usage:        0 bytes
 Hardware stack levels used:    1
 Hardware stack levels required when called:    6
 This function calls:
		Nothing
 This function is called by:
		_main
 This function uses a non-reentrant model


 *************** function _InitializeUSB *****************
 Defined at:
		line 762 in file "Source/Usb.c"
 Parameters:    Size  Location     Type
		None
 Auto vars:     Size  Location     Type
		None
 Return value:  Size  Location     Type
                  1    wreg      void 
 Registers used:
		wreg, status,2, status,0, pclath, cstack
 Tracked objects:
		On entry : 
		On exit  : 
		Unchanged: 
 Data sizes:     COMMON   BANK0   BANK1   BANK2   BANK3   BANK4   BANK5   BANK6   BANK7   BANK8   BANK9  BANK10  BANK11  BANK12
      Params:         0       0       0       0       0       0       0       0       0       0       0       0       0       0
      Locals:         0       0       0       0       0       0       0       0       0       0       0       0       0       0
      Temps:          0       0       0       0       0       0       0       0       0       0       0       0       0       0
      Totals:         0       0       0       0       0       0       0       0       0       0       0       0       0       0
Total ram usage:        0 bytes
 Hardware stack levels used:    1
 Hardware stack levels required when called:    7
 This function calls:
		_ResetPPBuffers
 This function is called by:
		_main
 This function uses a non-reentrant model


 *************** function _ResetPPBuffers *****************
 Defined at:
		line 753 in file "Source/Usb.c"
 Parameters:    Size  Location     Type
		None
 Auto vars:     Size  Location     Type
		None
 Return value:  Size  Location     Type
                  1    wreg      void 
 Registers used:
		None
 Tracked objects:
		On entry : 
		On exit  : 
		Unchanged: 
 Data sizes:     COMMON   BANK0   BANK1   BANK2   BANK3   BANK4   BANK5   BANK6   BANK7   BANK8   BANK9  BANK10  BANK11  BANK12
      Params:         0       0       0       0       0       0       0       0       0       0       0       0       0       0
      Locals:         0       0       0       0       0       0       0       0       0       0       0       0       0       0
      Temps:          0       0       0       0       0       0       0       0       0       0       0       0       0       0
      Totals:         0       0       0       0       0       0       0       0       0       0       0       0       0       0
Total ram usage:        0 bytes
 Hardware stack levels used:    1
 Hardware stack levels required when called:    6
 This function calls:
		Nothing
 This function is called by:
		_InitializeUSB
 This function uses a non-reentrant model


 *************** function _InitializeSystem *****************
 Defined at:
		line 50 in file "Source/Main.c"
 Parameters:    Size  Location     Type
		None
 Auto vars:     Size  Location     Type
		None
 Return value:  Size  Location     Type
                  1    wreg      void 
 Registers used:
		wreg, status,2
 Tracked objects:
		On entry : 
		On exit  : 
		Unchanged: 
 Data sizes:     COMMON   BANK0   BANK1   BANK2   BANK3   BANK4   BANK5   BANK6   BANK7   BANK8   BANK9  BANK10  BANK11  BANK12
      Params:         0       0       0       0       0       0       0       0       0       0       0       0       0       0
      Locals:         0       0       0       0       0       0       0       0       0       0       0       0       0       0
      Temps:          0       0       0       0       0       0       0       0       0       0       0       0       0       0
      Totals:         0       0       0       0       0       0       0       0       0       0       0       0       0       0
Total ram usage:        0 bytes
 Hardware stack levels used:    1
 Hardware stack levels required when called:    6
 This function calls:
		Nothing
 This function is called by:
		_main
 This function uses a non-reentrant model


 *************** function _EnableUSBModule *****************
 Defined at:
		line 774 in file "Source/Usb.c"
 Parameters:    Size  Location     Type
		None
 Auto vars:     Size  Location     Type
		None
 Return value:  Size  Location     Type
                  1    wreg      void 
 Registers used:
		wreg, status,2
 Tracked objects:
		On entry : 
		On exit  : 
		Unchanged: 
 Data sizes:     COMMON   BANK0   BANK1   BANK2   BANK3   BANK4   BANK5   BANK6   BANK7   BANK8   BANK9  BANK10  BANK11  BANK12
      Params:         0       0       0       0       0       0       0       0       0       0       0       0       0       0
      Locals:         0       0       0       0       0       0       0       0       0       0       0       0       0       0
      Temps:          0       1       0       0       0       0       0       0       0       0       0       0       0       0
      Totals:         0       1       0       0       0       0       0       0       0       0       0       0       0       0
Total ram usage:        1 bytes
 Hardware stack levels used:    1
 Hardware stack levels required when called:    6
 This function calls:
		Nothing
 This function is called by:
		_main
 This function uses a non-reentrant model


 *************** function _EnableInterrupts *****************
 Defined at:
		line 61 in file "Source/Main.c"
 Parameters:    Size  Location     Type
		None
 Auto vars:     Size  Location     Type
		None
 Return value:  Size  Location     Type
                  1    wreg      void 
 Registers used:
		wreg
 Tracked objects:
		On entry : 
		On exit  : 
		Unchanged: 
 Data sizes:     COMMON   BANK0   BANK1   BANK2   BANK3   BANK4   BANK5   BANK6   BANK7   BANK8   BANK9  BANK10  BANK11  BANK12
      Params:         0       0       0       0       0       0       0       0       0       0       0       0       0       0
      Locals:         0       0       0       0       0       0       0       0       0       0       0       0       0       0
      Temps:          0       0       0       0       0       0       0       0       0       0       0       0       0       0
      Totals:         0       0       0       0       0       0       0       0       0       0       0       0       0       0
Total ram usage:        0 bytes
 Hardware stack levels used:    1
 Hardware stack levels required when called:    6
 This function calls:
		Nothing
 This function is called by:
		_main
 This function uses a non-reentrant model


 *************** function _ISRCode *****************
 Defined at:
		line 45 in file "Source/Main.c"
 Parameters:    Size  Location     Type
		None
 Auto vars:     Size  Location     Type
		None
 Return value:  Size  Location     Type
                  1    wreg      void 
 Registers used:
		wreg, fsr0l, fsr0h, fsr1l, fsr1h, status,2, status,0, pclath, cstack
 Tracked objects:
		On entry : 
		On exit  : 
		Unchanged: 
 Data sizes:     COMMON   BANK0   BANK1   BANK2   BANK3   BANK4   BANK5   BANK6   BANK7   BANK8   BANK9  BANK10  BANK11  BANK12
      Params:         0       0       0       0       0       0       0       0       0       0       0       0       0       0
      Locals:         0       0       0       0       0       0       0       0       0       0       0       0       0       0
      Temps:          0       0       0       0       0       0       0       0       0       0       0       0       0       0
      Totals:         0       0       0       0       0       0       0       0       0       0       0       0       0       0
Total ram usage:        0 bytes
 Hardware stack levels used:    1
 Hardware stack levels required when called:    5
 This function calls:
		_ProcessUSBTransactions
 This function is called by:
		Interrupt level 1
 This function uses a non-reentrant model


 *************** function _ProcessUSBTransactions *****************
 Defined at:
		line 860 in file "Source/Usb.c"
 Parameters:    Size  Location     Type
		None
 Auto vars:     Size  Location     Type
		None
 Return value:  Size  Location     Type
                  1    wreg      void 
 Registers used:
		wreg, fsr0l, fsr0h, fsr1l, fsr1h, status,2, status,0, pclath, cstack
 Tracked objects:
		On entry : 
		On exit  : 
		Unchanged: 
 Data sizes:     COMMON   BANK0   BANK1   BANK2   BANK3   BANK4   BANK5   BANK6   BANK7   BANK8   BANK9  BANK10  BANK11  BANK12
      Params:         0       0       0       0       0       0       0       0       0       0       0       0       0       0
      Locals:         0       0       0       0       0       0       0       0       0       0       0       0       0       0
      Temps:          1       0       0       0       0       0       0       0       0       0       0       0       0       0
      Totals:         1       0       0       0       0       0       0       0       0       0       0       0       0       0
Total ram usage:        1 bytes
 Hardware stack levels used:    1
 Hardware stack levels required when called:    4
 This function calls:
		_BusReset
		_ProcessControlTransfer
		_Stall
		_StartOfFrame
		_Suspend
		_UnSuspend
 This function is called by:
		_ISRCode
 This function uses a non-reentrant model


 *************** function _UnSuspend *****************
 Defined at:
		line 798 in file "Source/Usb.c"
 Parameters:    Size  Location     Type
		None
 Auto vars:     Size  Location     Type
		None
 Return value:  Size  Location     Type
                  1    wreg      void 
 Registers used:
		wreg, status,2, status,0
 Tracked objects:
		On entry : 
		On exit  : 
		Unchanged: 
 Data sizes:     COMMON   BANK0   BANK1   BANK2   BANK3   BANK4   BANK5   BANK6   BANK7   BANK8   BANK9  BANK10  BANK11  BANK12
      Params:         0       0       0       0       0       0       0       0       0       0       0       0       0       0
      Locals:         0       0       0       0       0       0       0       0       0       0       0       0       0       0
      Temps:          1       0       0       0       0       0       0       0       0       0       0       0       0       0
      Totals:         1       0       0       0       0       0       0       0       0       0       0       0       0       0
Total ram usage:        1 bytes
 Hardware stack levels used:    1
 This function calls:
		Nothing
 This function is called by:
		_ProcessUSBTransactions
 This function uses a non-reentrant model


 *************** function _Suspend *****************
 Defined at:
		line 826 in file "Source/Usb.c"
 Parameters:    Size  Location     Type
		None
 Auto vars:     Size  Location     Type
		None
 Return value:  Size  Location     Type
                  1    wreg      void 
 Registers used:
		wreg, status,2, status,0
 Tracked objects:
		On entry : 
		On exit  : 
		Unchanged: 
 Data sizes:     COMMON   BANK0   BANK1   BANK2   BANK3   BANK4   BANK5   BANK6   BANK7   BANK8   BANK9  BANK10  BANK11  BANK12
      Params:         0       0       0       0       0       0       0       0       0       0       0       0       0       0
      Locals:         0       0       0       0       0       0       0       0       0       0       0       0       0       0
      Temps:          1       0       0       0       0       0       0       0       0       0       0       0       0       0
      Totals:         1       0       0       0       0       0       0       0       0       0       0       0       0       0
Total ram usage:        1 bytes
 Hardware stack levels used:    1
 This function calls:
		Nothing
 This function is called by:
		_ProcessUSBTransactions
 This function uses a non-reentrant model


 *************** function _StartOfFrame *****************
 Defined at:
		line 807 in file "Source/Usb.c"
 Parameters:    Size  Location     Type
		None
 Auto vars:     Size  Location     Type
		None
 Return value:  Size  Location     Type
                  1    wreg      void 
 Registers used:
		None
 Tracked objects:
		On entry : 
		On exit  : 
		Unchanged: 
 Data sizes:     COMMON   BANK0   BANK1   BANK2   BANK3   BANK4   BANK5   BANK6   BANK7   BANK8   BANK9  BANK10  BANK11  BANK12
      Params:         0       0       0       0       0       0       0       0       0       0       0       0       0       0
      Locals:         0       0       0       0       0       0       0       0       0       0       0       0       0       0
      Temps:          0       0       0       0       0       0       0       0       0       0       0       0       0       0
      Totals:         0       0       0       0       0       0       0       0       0       0       0       0       0       0
Total ram usage:        0 bytes
 Hardware stack levels used:    1
 This function calls:
		Nothing
 This function is called by:
		_ProcessUSBTransactions
 This function uses a non-reentrant model


 *************** function _Stall *****************
 Defined at:
		line 814 in file "Source/Usb.c"
 Parameters:    Size  Location     Type
		None
 Auto vars:     Size  Location     Type
		None
 Return value:  Size  Location     Type
                  1    wreg      void 
 Registers used:
		wreg, status,2, status,0, pclath, cstack
 Tracked objects:
		On entry : 
		On exit  : 
		Unchanged: 
 Data sizes:     COMMON   BANK0   BANK1   BANK2   BANK3   BANK4   BANK5   BANK6   BANK7   BANK8   BANK9  BANK10  BANK11  BANK12
      Params:         0       0       0       0       0       0       0       0       0       0       0       0       0       0
      Locals:         0       0       0       0       0       0       0       0       0       0       0       0       0       0
      Temps:          0       0       0       0       0       0       0       0       0       0       0       0       0       0
      Totals:         0       0       0       0       0       0       0       0       0       0       0       0       0       0
Total ram usage:        0 bytes
 Hardware stack levels used:    1
 Hardware stack levels required when called:    1
 This function calls:
		_WaitForSetupStage
 This function is called by:
		_ProcessUSBTransactions
 This function uses a non-reentrant model


 *************** function _ProcessControlTransfer *****************
 Defined at:
		line 693 in file "Source/Usb.c"
 Parameters:    Size  Location     Type
		None
 Auto vars:     Size  Location     Type
  PID             1   11[COMMON] unsigned char 
 Return value:  Size  Location     Type
                  1    wreg      void 
 Registers used:
		wreg, fsr0l, fsr0h, fsr1l, fsr1h, status,2, status,0, pclath, cstack
 Tracked objects:
		On entry : 
		On exit  : 
		Unchanged: 
 Data sizes:     COMMON   BANK0   BANK1   BANK2   BANK3   BANK4   BANK5   BANK6   BANK7   BANK8   BANK9  BANK10  BANK11  BANK12
      Params:         0       0       0       0       0       0       0       0       0       0       0       0       0       0
      Locals:         1       0       0       0       0       0       0       0       0       0       0       0       0       0
      Temps:          2       0       0       0       0       0       0       0       0       0       0       0       0       0
      Totals:         3       0       0       0       0       0       0       0       0       0       0       0       0       0
Total ram usage:        3 bytes
 Hardware stack levels used:    1
 Hardware stack levels required when called:    3
 This function calls:
		_InDataStage
		_OutDataStage
		_SetupStage
		_WaitForSetupStage
 This function is called by:
		_ProcessUSBTransactions
 This function uses a non-reentrant model


 *************** function _SetupStage *****************
 Defined at:
		line 612 in file "Source/Usb.c"
 Parameters:    Size  Location     Type
		None
 Auto vars:     Size  Location     Type
		None
 Return value:  Size  Location     Type
                  1    wreg      void 
 Registers used:
		wreg, fsr0l, fsr0h, fsr1l, fsr1h, status,2, status,0, pclath, cstack
 Tracked objects:
		On entry : 
		On exit  : 
		Unchanged: 
 Data sizes:     COMMON   BANK0   BANK1   BANK2   BANK3   BANK4   BANK5   BANK6   BANK7   BANK8   BANK9  BANK10  BANK11  BANK12
      Params:         0       0       0       0       0       0       0       0       0       0       0       0       0       0
      Locals:         0       0       0       0       0       0       0       0       0       0       0       0       0       0
      Temps:          1       0       0       0       0       0       0       0       0       0       0       0       0       0
      Totals:         1       0       0       0       0       0       0       0       0       0       0       0       0       0
Total ram usage:        1 bytes
 Hardware stack levels used:    1
 Hardware stack levels required when called:    2
 This function calls:
		_InDataStage
		_ProcessHIDRequest
		_ProcessStandardRequest
 This function is called by:
		_ProcessControlTransfer
 This function uses a non-reentrant model


 *************** function _ProcessStandardRequest *****************
 Defined at:
		line 475 in file "Source/Usb.c"
 Parameters:    Size  Location     Type
		None
 Auto vars:     Size  Location     Type
  request         1    7[COMMON] unsigned char 
 Return value:  Size  Location     Type
                  1    wreg      void 
 Registers used:
		wreg, fsr0l, fsr0h, fsr1l, fsr1h, status,2, status,0, pclath, cstack
 Tracked objects:
		On entry : 
		On exit  : 
		Unchanged: 
 Data sizes:     COMMON   BANK0   BANK1   BANK2   BANK3   BANK4   BANK5   BANK6   BANK7   BANK8   BANK9  BANK10  BANK11  BANK12
      Params:         0       0       0       0       0       0       0       0       0       0       0       0       0       0
      Locals:         1       0       0       0       0       0       0       0       0       0       0       0       0       0
      Temps:          1       0       0       0       0       0       0       0       0       0       0       0       0       0
      Totals:         2       0       0       0       0       0       0       0       0       0       0       0       0       0
Total ram usage:        2 bytes
 Hardware stack levels used:    1
 Hardware stack levels required when called:    1
 This function calls:
		_GetDescriptor
		_GetStatus
		_HIDInitEndpoints
		_SetFeature
 This function is called by:
		_SetupStage
 This function uses a non-reentrant model


 *************** function _SetFeature *****************
 Defined at:
		line 429 in file "Source/Usb.c"
 Parameters:    Size  Location     Type
		None
 Auto vars:     Size  Location     Type
  endpointDir     1    5[COMMON] unsigned char 
  endpointNum     1    4[COMMON] unsigned char 
  feature         1    3[COMMON] unsigned char 
  recipient       1    2[COMMON] unsigned char 
 Return value:  Size  Location     Type
                  1    wreg      void 
 Registers used:
		wreg, fsr1l, fsr1h, status,2, status,0
 Tracked objects:
		On entry : 
		On exit  : 
		Unchanged: 
 Data sizes:     COMMON   BANK0   BANK1   BANK2   BANK3   BANK4   BANK5   BANK6   BANK7   BANK8   BANK9  BANK10  BANK11  BANK12
      Params:         0       0       0       0       0       0       0       0       0       0       0       0       0       0
      Locals:         4       0       0       0       0       0       0       0       0       0       0       0       0       0
      Temps:          2       0       0       0       0       0       0       0       0       0       0       0       0       0
      Totals:         6       0       0       0       0       0       0       0       0       0       0       0       0       0
Total ram usage:        6 bytes
 Hardware stack levels used:    1
 This function calls:
		Nothing
 This function is called by:
		_ProcessStandardRequest
 This function uses a non-reentrant model


 *************** function _HIDInitEndpoints *****************
 Defined at:
		line 233 in file "Source/Usb.c"
 Parameters:    Size  Location     Type
		None
 Auto vars:     Size  Location     Type
  i               1    4[COMMON] unsigned char 
 Return value:  Size  Location     Type
                  1    wreg      void 
 Registers used:
		wreg, fsr1l, fsr1h, status,2, status,0
 Tracked objects:
		On entry : 
		On exit  : 
		Unchanged: 
 Data sizes:     COMMON   BANK0   BANK1   BANK2   BANK3   BANK4   BANK5   BANK6   BANK7   BANK8   BANK9  BANK10  BANK11  BANK12
      Params:         0       0       0       0       0       0       0       0       0       0       0       0       0       0
      Locals:         1       0       0       0       0       0       0       0       0       0       0       0       0       0
      Temps:          4       0       0       0       0       0       0       0       0       0       0       0       0       0
      Totals:         5       0       0       0       0       0       0       0       0       0       0       0       0       0
Total ram usage:        5 bytes
 Hardware stack levels used:    1
 This function calls:
		Nothing
 This function is called by:
		_ProcessStandardRequest
 This function uses a non-reentrant model


 *************** function _GetStatus *****************
 Defined at:
		line 382 in file "Source/Usb.c"
 Parameters:    Size  Location     Type
		None
 Auto vars:     Size  Location     Type
  endpointDir     1    3[COMMON] unsigned char 
  endpointNum     1    2[COMMON] unsigned char 
  recipient       1    4[COMMON] unsigned char 
 Return value:  Size  Location     Type
                  1    wreg      void 
 Registers used:
		wreg, fsr1l, fsr1h, status,2, status,0
 Tracked objects:
		On entry : 
		On exit  : 
		Unchanged: 
 Data sizes:     COMMON   BANK0   BANK1   BANK2   BANK3   BANK4   BANK5   BANK6   BANK7   BANK8   BANK9  BANK10  BANK11  BANK12
      Params:         0       0       0       0       0       0       0       0       0       0       0       0       0       0
      Locals:         3       0       0       0       0       0       0       0       0       0       0       0       0       0
      Temps:          2       0       0       0       0       0       0       0       0       0       0       0       0       0
      Totals:         5       0       0       0       0       0       0       0       0       0       0       0       0       0
Total ram usage:        5 bytes
 Hardware stack levels used:    1
 This function calls:
		Nothing
 This function is called by:
		_ProcessStandardRequest
 This function uses a non-reentrant model


 *************** function _GetDescriptor *****************
 Defined at:
		line 343 in file "Source/Usb.c"
 Parameters:    Size  Location     Type
		None
 Auto vars:     Size  Location     Type
  descriptorTy    1    4[COMMON] unsigned char 
  descriptorIn    1    3[COMMON] unsigned char 
 Return value:  Size  Location     Type
                  1    wreg      void 
 Registers used:
		wreg, fsr0l, fsr0h, status,2, status,0, pclath
 Tracked objects:
		On entry : 
		On exit  : 
		Unchanged: 
 Data sizes:     COMMON   BANK0   BANK1   BANK2   BANK3   BANK4   BANK5   BANK6   BANK7   BANK8   BANK9  BANK10  BANK11  BANK12
      Params:         0       0       0       0       0       0       0       0       0       0       0       0       0       0
      Locals:         2       0       0       0       0       0       0       0       0       0       0       0       0       0
      Temps:          3       0       0       0       0       0       0       0       0       0       0       0       0       0
      Totals:         5       0       0       0       0       0       0       0       0       0       0       0       0       0
Total ram usage:        5 bytes
 Hardware stack levels used:    1
 This function calls:
		Nothing
 This function is called by:
		_ProcessStandardRequest
 This function uses a non-reentrant model


 *************** function _ProcessHIDRequest *****************
 Defined at:
		line 258 in file "Source/Usb.c"
 Parameters:    Size  Location     Type
		None
 Auto vars:     Size  Location     Type
  descriptorTy    1    1[COMMON] unsigned char 
  bRequest        1    2[COMMON] unsigned char 
 Return value:  Size  Location     Type
                  1    wreg      void 
 Registers used:
		wreg, status,2, status,0
 Tracked objects:
		On entry : 
		On exit  : 
		Unchanged: 
 Data sizes:     COMMON   BANK0   BANK1   BANK2   BANK3   BANK4   BANK5   BANK6   BANK7   BANK8   BANK9  BANK10  BANK11  BANK12
      Params:         0       0       0       0       0       0       0       0       0       0       0       0       0       0
      Locals:         2       0       0       0       0       0       0       0       0       0       0       0       0       0
      Temps:          1       0       0       0       0       0       0       0       0       0       0       0       0       0
      Totals:         3       0       0       0       0       0       0       0       0       0       0       0       0       0
Total ram usage:        3 bytes
 Hardware stack levels used:    1
 This function calls:
		Nothing
 This function is called by:
		_SetupStage
 This function uses a non-reentrant model


 *************** function _InDataStage *****************
 Defined at:
		line 563 in file "Source/Usb.c"
 Parameters:    Size  Location     Type
		None
 Auto vars:     Size  Location     Type
  bufferSize      2    3[COMMON] unsigned short 
  i               1    2[COMMON] unsigned char 
 Return value:  Size  Location     Type
                  1    wreg      void 
 Registers used:
		wreg, fsr0l, fsr0h, fsr1l, fsr1h, status,2, status,0, pclath
 Tracked objects:
		On entry : 
		On exit  : 
		Unchanged: 
 Data sizes:     COMMON   BANK0   BANK1   BANK2   BANK3   BANK4   BANK5   BANK6   BANK7   BANK8   BANK9  BANK10  BANK11  BANK12
      Params:         0       0       0       0       0       0       0       0       0       0       0       0       0       0
      Locals:         3       0       0       0       0       0       0       0       0       0       0       0       0       0
      Temps:          2       0       0       0       0       0       0       0       0       0       0       0       0       0
      Totals:         5       0       0       0       0       0       0       0       0       0       0       0       0       0
Total ram usage:        5 bytes
 Hardware stack levels used:    1
 This function calls:
		Nothing
 This function is called by:
		_SetupStage
		_ProcessControlTransfer
 This function uses a non-reentrant model


 *************** function _OutDataStage *****************
 Defined at:
		line 592 in file "Source/Usb.c"
 Parameters:    Size  Location     Type
		None
 Auto vars:     Size  Location     Type
  bufferSize      2    3[COMMON] unsigned short 
  i               2    1[COMMON] unsigned short 
 Return value:  Size  Location     Type
                  1    wreg      void 
 Registers used:
		wreg, fsr1l, fsr1h, status,2, status,0
 Tracked objects:
		On entry : 
		On exit  : 
		Unchanged: 
 Data sizes:     COMMON   BANK0   BANK1   BANK2   BANK3   BANK4   BANK5   BANK6   BANK7   BANK8   BANK9  BANK10  BANK11  BANK12
      Params:         0       0       0       0       0       0       0       0       0       0       0       0       0       0
      Locals:         4       0       0       0       0       0       0       0       0       0       0       0       0       0
      Temps:          1       0       0       0       0       0       0       0       0       0       0       0       0       0
      Totals:         5       0       0       0       0       0       0       0       0       0       0       0       0       0
Total ram usage:        5 bytes
 Hardware stack levels used:    1
 This function calls:
		Nothing
 This function is called by:
		_ProcessControlTransfer
 This function uses a non-reentrant model


 *************** function _BusReset *****************
 Defined at:
		line 833 in file "Source/Usb.c"
 Parameters:    Size  Location     Type
		None
 Auto vars:     Size  Location     Type
		None
 Return value:  Size  Location     Type
                  1    wreg      void 
 Registers used:
		wreg, status,2, status,0, pclath, cstack
 Tracked objects:
		On entry : 
		On exit  : 
		Unchanged: 
 Data sizes:     COMMON   BANK0   BANK1   BANK2   BANK3   BANK4   BANK5   BANK6   BANK7   BANK8   BANK9  BANK10  BANK11  BANK12
      Params:         0       0       0       0       0       0       0       0       0       0       0       0       0       0
      Locals:         0       0       0       0       0       0       0       0       0       0       0       0       0       0
      Temps:          1       0       0       0       0       0       0       0       0       0       0       0       0       0
      Totals:         1       0       0       0       0       0       0       0       0       0       0       0       0       0
Total ram usage:        1 bytes
 Hardware stack levels used:    1
 Hardware stack levels required when called:    1
 This function calls:
		_WaitForSetupStage
 This function is called by:
		_ProcessUSBTransactions
 This function uses a non-reentrant model


 *************** function _WaitForSetupStage *****************
 Defined at:
		line 680 in file "Source/Usb.c"
 Parameters:    Size  Location     Type
		None
 Auto vars:     Size  Location     Type
		None
 Return value:  Size  Location     Type
                  1    wreg      void 
 Registers used:
		wreg, status,2, status,0
 Tracked objects:
		On entry : 
		On exit  : 
		Unchanged: 
 Data sizes:     COMMON   BANK0   BANK1   BANK2   BANK3   BANK4   BANK5   BANK6   BANK7   BANK8   BANK9  BANK10  BANK11  BANK12
      Params:         0       0       0       0       0       0       0       0       0       0       0       0       0       0
      Locals:         0       0       0       0       0       0       0       0       0       0       0       0       0       0
      Temps:          1       0       0       0       0       0       0       0       0       0       0       0       0       0
      Totals:         1       0       0       0       0       0       0       0       0       0       0       0       0       0
Total ram usage:        1 bytes
 Hardware stack levels used:    1
 This function calls:
		Nothing
 This function is called by:
		_ProcessControlTransfer
		_Stall
		_BusReset
 This function uses a non-reentrant model



MODULE INFORMATION

Module		Function		Class		Link	Load	Size
Source/Usb.c
		_GetDescriptor 		CODE           	04A9	0000	98
		_Suspend       		CODE           	0FF0	0000	9
		_EnableUSBModule		CODE           	0750	0000	27
		_ProcessHIDRequest		CODE           	002F	0000	155
		_GetStatus     		CODE           	0444	0000	102
		_IsUsbDataAvaialble		CODE           	06D0	0000	38
		_WaitForSetupStage		CODE           	07D2	0000	15
		_HIDSend       		CODE           	050A	0000	92
		_Stall         		CODE           	07E0	0000	13
		_ReArmInterface		CODE           	0565	0000	91
		_InitializeUSB 		CODE           	07B2	0000	17
		_ProcessControlTransfer		CODE           	036B	0000	112
		_ResetPPBuffers		CODE           	0FE2	0000	5
		_ProcessStandardRequest		CODE           	00C9	0000	148
		_OutDataStage  		CODE           	0645	0000	55
		_HIDInitEndpoints		CODE           	01EE	0000	140
		_SetFeature    		CODE           	02F9	0000	115
		_BusReset      		CODE           	0717	0000	30
		_UnSuspend     		CODE           	0FF8	0000	9
		_StartOfFrame  		CODE           	0FDF	0000	4
		_SetupStage    		CODE           	03DA	0000	107
		_ProcessUSBTransactions		CODE           	015C	0000	147
		_InDataStage   		CODE           	0279	0000	129

Source/Usb.c estimated size: 1658

Source/Main.c
		_main          		CODE           	076A	0000	22
		_PrepareTxBuffer		CODE           	05BF	0000	77
		_ProcessIncomingData		CODE           	07FF	0000	2
		_EnableInterrupts		CODE           	07F7	0000	9
		_InitializeSystem		CODE           	07C2	0000	17
		_CheckUsb      		CODE           	0791	0000	18
		_ProcessIO     		CODE           	067B	0000	44
		_ISRCode       		CODE           	0004	0000	13

Source/Main.c estimated size: 202

Source/nes_gamepad.c
		_NES_read_pad  		CODE           	060B	0000	59
		_NES_GPIO_Initialize		CODE           	07EC	0000	12

Source/nes_gamepad.c estimated size: 71

shared
		_ConfigurationDescriptor		STRCODE        	06F5	0000	35
		_StringDescriptorPointers		STRCODE        	1000	0000	7
		_StringDescriptor0		STRCODE        	1006	0000	5
		_StringDescriptor1		STRCODE        	0734	0000	29
		_StringDescriptor2		STRCODE        	07A2	0000	17
		__initialization		CODE           	0012	0000	26
		_HIDReport     		STRCODE        	06A6	0000	43
		_DeviceDescriptor		STRCODE        	077F	0000	19

shared estimated size: 181

